---
source: tests/snapshot/main.rs
expression: snapshot
---
builtin.trace: Hello, world!
true
