---
source: tests/snapshot/main.rs
expression: snapshot.stdout
---
true
