---
source: tests/snapshot/main.rs
expression: snapshot
---
error: contract broken by a value: main error message
   ┌─ :1:1
   │
 1 │ Contract
   │ -------- expected type
   │
   ┌─ [INPUTS_PATH]/errors/contract_with_custom_diagnostic.ncl:11:1
   │
11 │ null | Contract
   │ ^^^^ applied to this expression
   │
   = This is the first note
   = This is the second note

note: 
   ┌─ [INPUTS_PATH]/errors/contract_with_custom_diagnostic.ncl:11:8
   │
11 │ null | Contract
   │        ^^^^^^^^ bound here


