---
source: tests/snapshot/main.rs
expression: snapshot
---
error: incompatible types
  ┌─ [INPUTS_PATH]/errors/annotated_record_pattern_typecheck_fail.ncl:2:28
  │
2 │   let { x : Bool } = { x = 5 } in
  │                            ^ this expression
  │
  = The type of the expression was expected to be `Bool`
  = The type of the expression was inferred to be `Number`
  = These types are not compatible


