---
source: tests/snapshot/main.rs
expression: snapshot.stderr
---
builtin.trace: Hello, world!

